#-----------------------------------------------------------
# Webtalk v2020.2 (64-bit)
# SW Build 3064766 on Wed Nov 18 09:12:45 MST 2020
# IP Build 3064653 on Wed Nov 18 14:17:31 MST 2020
# Start of session at: Sat Oct 15 10:53:57 2022
# Process ID: 8372
# Current directory: C:/Users/scottsus/EE 354/Programming Homework 3/copy_array_to_array_imp1_sp10/copy_array_to_array_imp1_sp_10/copy_array_to_array_imp1_sp_10.sim/sim_1/behav/xsim
# Command line: wbtcv.exe -mode batch -source C:/Users/scottsus/EE 354/Programming Homework 3/copy_array_to_array_imp1_sp10/copy_array_to_array_imp1_sp_10/copy_array_to_array_imp1_sp_10.sim/sim_1/behav/xsim/xsim.dir/copy_array_to_array_imp1_tb_behav/webtalk/xsim_webtalk.tcl -notrace
# Log file: C:/Users/scottsus/EE 354/Programming Homework 3/copy_array_to_array_imp1_sp10/copy_array_to_array_imp1_sp_10/copy_array_to_array_imp1_sp_10.sim/sim_1/behav/xsim/webtalk.log
# Journal file: C:/Users/scottsus/EE 354/Programming Homework 3/copy_array_to_array_imp1_sp10/copy_array_to_array_imp1_sp_10/copy_array_to_array_imp1_sp_10.sim/sim_1/behav/xsim\webtalk.jou
#-----------------------------------------------------------
source C:/Users/scottsus/EE -notrace
